[INFO] 2025-06-04 10:00:01 - GET /api/products - status: 200 - time: 120ms
[INFO] 2025-06-04 10:00:02 - POST /api/orders - status: 201 - time: 340ms
[WARN] 2025-06-04 10:00:03 - GET /api/users - status: 404 - time: 15ms
[ERROR] 2025-06-04 10:00:04 - GET /api/checkout - status: 500 - time: 0ms
[INFO] 2025-06-04 10:01:01 - GET /api/products - status: 200 - time: 90ms
[INFO] 2025-06-04 10:02:10 - GET /api/products - status: 200 - time: 110ms
[INFO] 2025-06-04 10:02:12 - POST /api/orders - status: 201 - time: 210ms
[WARN] 2025-06-04 10:02:15 - GET /api/users - status: 404 - time: 25ms
[INFO] 2025-06-04 10:02:18 - PUT /api/products/12 - status: 200 - time: 180ms
[INFO] 2025-06-04 10:02:21 - DELETE /api/products/12 - status: 204 - time: 95ms
[ERROR] 2025-06-04 10:02:23 - GET /api/checkout - status: 500 - time: 5ms
[INFO] 2025-06-04 10:02:30 - GET /api/dashboard - status: 200 - time: 75ms
[WARN] 2025-06-04 10:02:35 - POST /api/orders - status: 400 - time: 120ms
[INFO] 2025-06-04 10:02:38 - GET /api/metrics - status: 200 - time: 35ms
[ERROR] 2025-06-04 10:02:40 - PUT /api/users/5 - status: 500 - time: 0ms[INFO] 2025-06-05 05:23:16 - GET /api/products - status: 200 - time: 94ms
[INFO] 2025-06-05 05:23:18 - GET /api/dashboard - status: 200 - time: 301ms
[WARN] 2025-06-05 05:23:20 - GET /api/users - status: 404 - time: 298ms
[WARN] 2025-06-05 05:23:22 - POST /api/orders - status: 400 - time: 105ms
[INFO] 2025-06-05 05:23:24 - GET /api/dashboard - status: 200 - time: 172ms
[ERROR] 2025-06-05 05:23:26 - PUT /api/users/5 - status: 500 - time: 352ms
[INFO] 2025-06-05 05:23:28 - DELETE /api/products/12 - status: 204 - time: 289ms
[INFO] 2025-06-05 05:23:30 - PUT /api/products/12 - status: 200 - time: 95ms
[INFO] 2025-06-05 05:23:32 - PUT /api/products/12 - status: 200 - time: 209ms
[INFO] 2025-06-05 05:23:34 - GET /api/dashboard - status: 200 - time: 325ms
[INFO] 2025-06-05 05:23:36 - GET /api/metrics - status: 200 - time: 157ms
[INFO] 2025-06-05 05:23:38 - GET /api/metrics - status: 200 - time: 2ms
[INFO] 2025-06-05 05:23:40 - GET /api/metrics - status: 200 - time: 320ms
[INFO] 2025-06-05 05:23:42 - PUT /api/products/12 - status: 200 - time: 215ms
[INFO] 2025-06-05 05:23:44 - POST /api/orders - status: 201 - time: 29ms
[INFO] 2025-06-05 05:23:46 - POST /api/orders - status: 201 - time: 36ms
[INFO] 2025-06-05 05:23:48 - GET /api/metrics - status: 200 - time: 273ms
[INFO] 2025-06-05 05:55:07 - GET /api/products - status: 200 - time: 7ms
[INFO] 2025-06-05 05:55:09 - GET /api/dashboard - status: 200 - time: 24ms
[WARN] 2025-06-05 05:55:11 - GET /api/users - status: 404 - time: 284ms
[ERROR] 2025-06-05 05:55:13 - PUT /api/users/5 - status: 500 - time: 310ms
[INFO] 2025-06-05 05:55:15 - PUT /api/products/12 - status: 200 - time: 195ms
[WARN] 2025-06-05 05:55:17 - POST /api/orders - status: 400 - time: 338ms
[WARN] 2025-06-05 05:55:19 - GET /api/users - status: 404 - time: 172ms
[WARN] 2025-06-05 05:55:21 - POST /api/orders - status: 400 - time: 234ms
[ERROR] 2025-06-05 05:55:23 - PUT /api/users/5 - status: 500 - time: 162ms
[WARN] 2025-06-05 05:55:25 - GET /api/users - status: 404 - time: 385ms
[ERROR] 2025-06-05 05:55:27 - GET /api/checkout - status: 500 - time: 128ms
[INFO] 2025-06-05 05:55:29 - GET /api/products - status: 200 - time: 116ms
[ERROR] 2025-06-05 05:55:31 - GET /api/checkout - status: 500 - time: 331ms
[ERROR] 2025-06-05 05:55:33 - GET /api/checkout - status: 500 - time: 388ms
[WARN] 2025-06-05 05:55:35 - POST /api/orders - status: 400 - time: 248ms
[WARN] 2025-06-05 05:55:37 - POST /api/orders - status: 400 - time: 151ms
[INFO] 2025-06-05 05:55:39 - GET /api/metrics - status: 200 - time: 342ms
[INFO] 2025-06-05 05:55:41 - PUT /api/products/12 - status: 200 - time: 349ms
[INFO] 2025-06-05 05:55:43 - PUT /api/products/12 - status: 200 - time: 16ms
[WARN] 2025-06-05 05:55:45 - GET /api/users - status: 404 - time: 19ms
[WARN] 2025-06-05 05:55:47 - POST /api/orders - status: 400 - time: 78ms
[INFO] 2025-06-05 05:55:49 - GET /api/metrics - status: 200 - time: 152ms
[INFO] 2025-06-05 05:55:51 - GET /api/products - status: 200 - time: 20ms
[INFO] 2025-06-05 05:55:53 - DELETE /api/products/12 - status: 204 - time: 73ms
[ERROR] 2025-06-05 05:55:55 - GET /api/checkout - status: 500 - time: 28ms
[ERROR] 2025-06-05 05:55:57 - PUT /api/users/5 - status: 500 - time: 250ms
[WARN] 2025-06-05 05:55:59 - POST /api/orders - status: 400 - time: 133ms
[INFO] 2025-06-05 05:56:01 - POST /api/orders - status: 201 - time: 184ms
[WARN] 2025-06-05 05:56:03 - GET /api/users - status: 404 - time: 226ms
[INFO] 2025-06-05 05:56:05 - GET /api/metrics - status: 200 - time: 362ms
[INFO] 2025-06-05 05:56:07 - DELETE /api/products/12 - status: 204 - time: 322ms
[ERROR] 2025-06-05 05:56:09 - PUT /api/users/5 - status: 500 - time: 56ms
[WARN] 2025-06-05 05:56:11 - POST /api/orders - status: 400 - time: 237ms
[WARN] 2025-06-05 05:56:13 - GET /api/users - status: 404 - time: 143ms
[INFO] 2025-06-05 05:56:15 - GET /api/metrics - status: 200 - time: 59ms
[ERROR] 2025-06-05 05:56:17 - PUT /api/users/5 - status: 500 - time: 62ms
[INFO] 2025-06-05 05:56:19 - GET /api/products - status: 200 - time: 372ms
[INFO] 2025-06-05 05:56:21 - DELETE /api/products/12 - status: 204 - time: 106ms
[ERROR] 2025-06-05 05:56:23 - PUT /api/users/5 - status: 500 - time: 9ms
[WARN] 2025-06-05 05:56:25 - GET /api/users - status: 404 - time: 214ms
[ERROR] 2025-06-05 05:56:27 - GET /api/checkout - status: 500 - time: 215ms
[INFO] 2025-06-05 05:56:29 - DELETE /api/products/12 - status: 204 - time: 353ms
[INFO] 2025-06-05 05:56:31 - PUT /api/products/12 - status: 200 - time: 362ms
[INFO] 2025-06-05 05:56:33 - GET /api/dashboard - status: 200 - time: 226ms
[INFO] 2025-06-05 05:56:35 - GET /api/products - status: 200 - time: 367ms
[INFO] 2025-06-05 05:56:37 - DELETE /api/products/12 - status: 204 - time: 34ms
[INFO] 2025-06-05 05:56:39 - POST /api/orders - status: 201 - time: 115ms
[INFO] 2025-06-05 05:56:41 - GET /api/dashboard - status: 200 - time: 252ms
[INFO] 2025-06-05 05:56:43 - PUT /api/products/12 - status: 200 - time: 201ms
[INFO] 2025-06-05 05:56:45 - GET /api/dashboard - status: 200 - time: 327ms
[INFO] 2025-06-05 05:56:47 - PUT /api/products/12 - status: 200 - time: 36ms
[WARN] 2025-06-05 05:56:49 - POST /api/orders - status: 400 - time: 303ms
[INFO] 2025-06-05 05:56:51 - PUT /api/products/12 - status: 200 - time: 264ms
[ERROR] 2025-06-05 05:56:53 - PUT /api/users/5 - status: 500 - time: 187ms
[INFO] 2025-06-05 05:56:55 - GET /api/dashboard - status: 200 - time: 315ms
[INFO] 2025-06-05 05:56:57 - GET /api/dashboard - status: 200 - time: 298ms
[ERROR] 2025-06-05 05:56:59 - GET /api/checkout - status: 500 - time: 25ms
[INFO] 2025-06-05 05:57:01 - DELETE /api/products/12 - status: 204 - time: 94ms
[WARN] 2025-06-05 05:57:03 - POST /api/orders - status: 400 - time: 397ms
[ERROR] 2025-06-05 05:57:05 - PUT /api/users/5 - status: 500 - time: 334ms
[WARN] 2025-06-05 05:57:07 - GET /api/users - status: 404 - time: 13ms
[INFO] 2025-06-05 05:57:09 - POST /api/orders - status: 201 - time: 60ms
[INFO] 2025-06-05 05:57:11 - PUT /api/products/12 - status: 200 - time: 221ms
[INFO] 2025-06-05 05:57:13 - GET /api/dashboard - status: 200 - time: 139ms
[WARN] 2025-06-05 05:57:15 - GET /api/users - status: 404 - time: 377ms
[WARN] 2025-06-05 05:57:17 - GET /api/users - status: 404 - time: 168ms
[ERROR] 2025-06-05 05:57:19 - PUT /api/users/5 - status: 500 - time: 172ms
[INFO] 2025-06-05 05:57:21 - DELETE /api/products/12 - status: 204 - time: 332ms
[ERROR] 2025-06-05 05:57:23 - GET /api/checkout - status: 500 - time: 192ms
[WARN] 2025-06-05 05:57:25 - GET /api/users - status: 404 - time: 196ms
[INFO] 2025-06-05 05:57:27 - GET /api/metrics - status: 200 - time: 209ms
[ERROR] 2025-06-05 05:57:29 - PUT /api/users/5 - status: 500 - time: 363ms
[INFO] 2025-06-05 05:57:31 - POST /api/orders - status: 201 - time: 68ms
[INFO] 2025-06-05 05:57:33 - DELETE /api/products/12 - status: 204 - time: 359ms
[INFO] 2025-06-05 05:57:35 - DELETE /api/products/12 - status: 204 - time: 250ms
[INFO] 2025-06-05 05:57:37 - DELETE /api/products/12 - status: 204 - time: 333ms
[INFO] 2025-06-05 05:57:39 - POST /api/orders - status: 201 - time: 59ms
[WARN] 2025-06-05 05:57:41 - GET /api/users - status: 404 - time: 259ms
[WARN] 2025-06-05 05:57:43 - POST /api/orders - status: 400 - time: 38ms
[INFO] 2025-06-05 05:57:45 - DELETE /api/products/12 - status: 204 - time: 216ms
[INFO] 2025-06-05 05:57:47 - POST /api/orders - status: 201 - time: 275ms
[INFO] 2025-06-05 05:57:49 - DELETE /api/products/12 - status: 204 - time: 361ms
[ERROR] 2025-06-05 05:57:51 - PUT /api/users/5 - status: 500 - time: 268ms
[INFO] 2025-06-05 05:57:53 - GET /api/products - status: 200 - time: 1ms
[INFO] 2025-06-05 05:57:55 - GET /api/metrics - status: 200 - time: 203ms
[INFO] 2025-06-05 05:57:57 - GET /api/dashboard - status: 200 - time: 95ms
[INFO] 2025-06-05 05:57:59 - PUT /api/products/12 - status: 200 - time: 131ms
[WARN] 2025-06-05 05:58:01 - POST /api/orders - status: 400 - time: 23ms
[INFO] 2025-06-05 05:58:03 - GET /api/dashboard - status: 200 - time: 162ms
[ERROR] 2025-06-05 05:58:05 - PUT /api/users/5 - status: 500 - time: 280ms
[INFO] 2025-06-05 05:58:07 - PUT /api/products/12 - status: 200 - time: 13ms
[INFO] 2025-06-05 05:58:09 - GET /api/products - status: 200 - time: 284ms
[WARN] 2025-06-05 05:58:11 - GET /api/users - status: 404 - time: 42ms
[INFO] 2025-06-05 05:58:13 - DELETE /api/products/12 - status: 204 - time: 193ms
[ERROR] 2025-06-05 05:58:15 - GET /api/checkout - status: 500 - time: 224ms
[INFO] 2025-06-05 05:58:17 - GET /api/products - status: 200 - time: 228ms
[ERROR] 2025-06-05 05:58:19 - GET /api/checkout - status: 500 - time: 279ms
[ERROR] 2025-06-05 05:58:21 - GET /api/checkout - status: 500 - time: 313ms
[WARN] 2025-06-05 05:58:23 - POST /api/orders - status: 400 - time: 172ms
[WARN] 2025-06-05 05:58:25 - POST /api/orders - status: 400 - time: 282ms
[INFO] 2025-06-05 05:58:27 - GET /api/products - status: 200 - time: 237ms
[WARN] 2025-06-05 05:58:29 - GET /api/users - status: 404 - time: 289ms
[ERROR] 2025-06-05 05:58:31 - GET /api/checkout - status: 500 - time: 296ms
[ERROR] 2025-06-05 05:58:33 - PUT /api/users/5 - status: 500 - time: 71ms
[INFO] 2025-06-05 05:58:35 - DELETE /api/products/12 - status: 204 - time: 59ms
[INFO] 2025-06-05 05:58:37 - POST /api/orders - status: 201 - time: 348ms
[INFO] 2025-06-05 06:12:24 - DELETE /api/products/12 - status: 204 - time: 222ms
[WARN] 2025-06-05 06:12:26 - POST /api/orders - status: 400 - time: 50ms
[INFO] 2025-06-05 06:12:28 - DELETE /api/products/12 - status: 204 - time: 281ms
[INFO] 2025-06-05 06:12:30 - PUT /api/products/12 - status: 200 - time: 184ms
[WARN] 2025-06-05 06:12:32 - POST /api/orders - status: 400 - time: 161ms
[INFO] 2025-06-05 06:12:34 - GET /api/products - status: 200 - time: 107ms
[INFO] 2025-06-05 06:12:36 - GET /api/dashboard - status: 200 - time: 0ms
[ERROR] 2025-06-05 06:12:38 - PUT /api/users/5 - status: 500 - time: 280ms
[WARN] 2025-06-05 06:12:40 - POST /api/orders - status: 400 - time: 269ms
[INFO] 2025-06-05 06:12:42 - GET /api/metrics - status: 200 - time: 345ms
[ERROR] 2025-06-05 06:12:44 - GET /api/checkout - status: 500 - time: 80ms
[ERROR] 2025-06-05 06:12:46 - PUT /api/users/5 - status: 500 - time: 149ms
[INFO] 2025-06-05 06:12:48 - GET /api/dashboard - status: 200 - time: 385ms
[INFO] 2025-06-05 06:12:50 - POST /api/orders - status: 201 - time: 248ms
[WARN] 2025-06-05 06:12:52 - GET /api/users - status: 404 - time: 61ms
[INFO] 2025-06-05 06:12:54 - POST /api/orders - status: 201 - time: 267ms
[INFO] 2025-06-05 06:12:56 - PUT /api/products/12 - status: 200 - time: 131ms
[INFO] 2025-06-05 06:12:58 - PUT /api/products/12 - status: 200 - time: 18ms
[ERROR] 2025-06-05 06:13:00 - PUT /api/users/5 - status: 500 - time: 261ms
[ERROR] 2025-06-05 06:13:02 - PUT /api/users/5 - status: 500 - time: 266ms
[WARN] 2025-06-05 06:13:04 - GET /api/users - status: 404 - time: 375ms
[WARN] 2025-06-05 06:13:06 - GET /api/users - status: 404 - time: 219ms
[INFO] 2025-06-05 06:13:08 - PUT /api/products/12 - status: 200 - time: 305ms
[INFO] 2025-06-05 06:13:10 - GET /api/products - status: 200 - time: 192ms
[WARN] 2025-06-05 06:13:12 - POST /api/orders - status: 400 - time: 38ms
[INFO] 2025-06-05 06:13:14 - GET /api/products - status: 200 - time: 320ms
[WARN] 2025-06-05 06:13:16 - GET /api/users - status: 404 - time: 136ms
[INFO] 2025-06-05 06:13:19 - GET /api/metrics - status: 200 - time: 252ms
[ERROR] 2025-06-05 06:13:21 - GET /api/checkout - status: 500 - time: 150ms
[INFO] 2025-06-05 06:14:11 - GET /api/products - status: 200 - time: 1ms
[INFO] 2025-06-05 06:14:13 - GET /api/dashboard - status: 200 - time: 221ms
[INFO] 2025-06-05 06:14:15 - DELETE /api/products/12 - status: 204 - time: 383ms
[ERROR] 2025-06-05 06:14:17 - GET /api/checkout - status: 500 - time: 165ms
[INFO] 2025-06-05 06:14:19 - PUT /api/products/12 - status: 200 - time: 200ms
[ERROR] 2025-06-05 06:14:21 - PUT /api/users/5 - status: 500 - time: 319ms
[WARN] 2025-06-05 06:14:23 - POST /api/orders - status: 400 - time: 357ms
[INFO] 2025-06-05 06:14:25 - GET /api/products - status: 200 - time: 248ms
[INFO] 2025-06-05 06:14:27 - GET /api/dashboard - status: 200 - time: 105ms
[INFO] 2025-06-05 06:14:29 - GET /api/products - status: 200 - time: 198ms
[INFO] 2025-06-05 06:14:31 - PUT /api/products/12 - status: 200 - time: 163ms
[INFO] 2025-06-05 06:14:33 - DELETE /api/products/12 - status: 204 - time: 147ms
[INFO] 2025-06-05 06:14:35 - GET /api/products - status: 200 - time: 376ms
[WARN] 2025-06-05 06:14:37 - POST /api/orders - status: 400 - time: 217ms
[INFO] 2025-06-05 06:14:39 - DELETE /api/products/12 - status: 204 - time: 262ms
[INFO] 2025-06-05 06:14:41 - PUT /api/products/12 - status: 200 - time: 289ms
[INFO] 2025-06-05 06:14:43 - POST /api/orders - status: 201 - time: 179ms
[WARN] 2025-06-05 06:14:45 - POST /api/orders - status: 400 - time: 63ms
[INFO] 2025-06-05 06:14:47 - GET /api/products - status: 200 - time: 268ms
[INFO] 2025-06-05 06:14:49 - DELETE /api/products/12 - status: 204 - time: 63ms
[WARN] 2025-06-05 06:14:51 - POST /api/orders - status: 400 - time: 285ms
[INFO] 2025-06-05 06:14:53 - PUT /api/products/12 - status: 200 - time: 69ms
[ERROR] 2025-06-05 06:14:55 - GET /api/checkout - status: 500 - time: 29ms
[INFO] 2025-06-05 06:14:57 - PUT /api/products/12 - status: 200 - time: 121ms
[INFO] 2025-06-05 06:14:59 - GET /api/products - status: 200 - time: 165ms
[WARN] 2025-06-05 06:15:01 - GET /api/users - status: 404 - time: 324ms
[INFO] 2025-06-05 06:15:03 - GET /api/metrics - status: 200 - time: 344ms
[ERROR] 2025-06-05 06:15:05 - GET /api/checkout - status: 500 - time: 213ms
[INFO] 2025-06-05 06:15:07 - GET /api/dashboard - status: 200 - time: 177ms
[ERROR] 2025-06-05 06:15:09 - PUT /api/users/5 - status: 500 - time: 191ms
[INFO] 2025-06-05 06:15:11 - DELETE /api/products/12 - status: 204 - time: 294ms
[INFO] 2025-06-05 06:15:13 - GET /api/dashboard - status: 200 - time: 139ms
[INFO] 2025-06-05 06:15:15 - GET /api/products - status: 200 - time: 226ms
[WARN] 2025-06-05 06:15:17 - POST /api/orders - status: 400 - time: 375ms
[INFO] 2025-06-05 06:15:19 - GET /api/metrics - status: 200 - time: 157ms
[INFO] 2025-06-05 06:15:21 - GET /api/metrics - status: 200 - time: 99ms
[INFO] 2025-06-05 06:15:23 - GET /api/dashboard - status: 200 - time: 100ms
[INFO] 2025-06-05 06:15:25 - GET /api/metrics - status: 200 - time: 141ms
[INFO] 2025-06-05 06:15:27 - PUT /api/products/12 - status: 200 - time: 208ms
[WARN] 2025-06-05 06:15:29 - POST /api/orders - status: 400 - time: 292ms
[ERROR] 2025-06-05 06:15:31 - GET /api/checkout - status: 500 - time: 4ms
[INFO] 2025-06-05 06:15:33 - GET /api/products - status: 200 - time: 160ms
[ERROR] 2025-06-05 06:15:35 - GET /api/checkout - status: 500 - time: 277ms
[INFO] 2025-06-05 06:15:37 - GET /api/metrics - status: 200 - time: 184ms
[INFO] 2025-06-05 06:15:39 - GET /api/dashboard - status: 200 - time: 243ms
[INFO] 2025-06-05 06:15:41 - PUT /api/products/12 - status: 200 - time: 332ms
[WARN] 2025-06-05 06:15:43 - POST /api/orders - status: 400 - time: 352ms
[WARN] 2025-06-05 06:15:45 - POST /api/orders - status: 400 - time: 257ms
[INFO] 2025-06-05 06:15:47 - GET /api/dashboard - status: 200 - time: 319ms
[INFO] 2025-06-05 06:15:49 - PUT /api/products/12 - status: 200 - time: 331ms
[INFO] 2025-06-05 06:15:51 - DELETE /api/products/12 - status: 204 - time: 343ms
[ERROR] 2025-06-05 06:15:53 - GET /api/checkout - status: 500 - time: 119ms
[INFO] 2025-06-05 06:15:55 - GET /api/dashboard - status: 200 - time: 11ms
[ERROR] 2025-06-05 06:15:57 - GET /api/checkout - status: 500 - time: 3ms
[WARN] 2025-06-05 06:15:59 - GET /api/users - status: 404 - time: 153ms
[INFO] 2025-06-05 06:16:01 - GET /api/dashboard - status: 200 - time: 63ms
[INFO] 2025-06-05 06:16:03 - GET /api/metrics - status: 200 - time: 119ms
[INFO] 2025-06-05 06:16:05 - GET /api/products - status: 200 - time: 74ms
[INFO] 2025-06-05 06:16:07 - POST /api/orders - status: 201 - time: 140ms
[WARN] 2025-06-05 06:16:09 - POST /api/orders - status: 400 - time: 304ms
[INFO] 2025-06-05 06:16:11 - GET /api/metrics - status: 200 - time: 55ms
[WARN] 2025-06-05 06:16:13 - GET /api/users - status: 404 - time: 2ms
[INFO] 2025-06-05 06:16:15 - GET /api/metrics - status: 200 - time: 34ms
[WARN] 2025-06-05 06:16:17 - GET /api/users - status: 404 - time: 248ms
[ERROR] 2025-06-05 06:16:19 - PUT /api/users/5 - status: 500 - time: 25ms
[INFO] 2025-06-05 06:30:58 - PUT /api/products/12 - status: 200 - time: 227ms
[ERROR] 2025-06-05 06:31:00 - PUT /api/users/5 - status: 500 - time: 296ms
[WARN] 2025-06-05 06:31:02 - POST /api/orders - status: 400 - time: 289ms
[INFO] 2025-06-05 06:31:04 - POST /api/orders - status: 201 - time: 107ms
[INFO] 2025-06-05 06:31:06 - GET /api/products - status: 200 - time: 196ms
[INFO] 2025-06-05 06:31:08 - POST /api/orders - status: 201 - time: 289ms
[ERROR] 2025-06-05 06:31:10 - PUT /api/users/5 - status: 500 - time: 102ms
[INFO] 2025-06-05 06:31:12 - GET /api/products - status: 200 - time: 321ms
[ERROR] 2025-06-05 06:31:14 - GET /api/checkout - status: 500 - time: 85ms
[INFO] 2025-06-05 06:31:16 - GET /api/metrics - status: 200 - time: 187ms
[INFO] 2025-06-05 06:31:18 - GET /api/products - status: 200 - time: 195ms
[WARN] 2025-06-05 06:31:20 - GET /api/users - status: 404 - time: 37ms
[ERROR] 2025-06-05 06:31:22 - PUT /api/users/5 - status: 500 - time: 264ms
[INFO] 2025-06-05 06:31:24 - PUT /api/products/12 - status: 200 - time: 228ms
[INFO] 2025-06-05 06:31:26 - GET /api/metrics - status: 200 - time: 104ms
[ERROR] 2025-06-05 06:31:28 - PUT /api/users/5 - status: 500 - time: 287ms
[ERROR] 2025-06-05 06:31:30 - GET /api/checkout - status: 500 - time: 317ms
[INFO] 2025-06-05 06:31:32 - GET /api/products - status: 200 - time: 275ms
[INFO] 2025-06-05 06:31:34 - GET /api/products - status: 200 - time: 40ms
[INFO] 2025-06-05 06:31:36 - GET /api/dashboard - status: 200 - time: 137ms
[WARN] 2025-06-05 06:31:38 - GET /api/users - status: 404 - time: 397ms
[INFO] 2025-06-05 06:31:40 - GET /api/metrics - status: 200 - time: 88ms
[ERROR] 2025-06-05 06:31:42 - PUT /api/users/5 - status: 500 - time: 48ms
[INFO] 2025-06-05 06:31:44 - GET /api/products - status: 200 - time: 313ms
[INFO] 2025-06-05 06:31:46 - PUT /api/products/12 - status: 200 - time: 237ms
[INFO] 2025-06-05 06:31:48 - GET /api/metrics - status: 200 - time: 11ms
[ERROR] 2025-06-05 06:31:50 - PUT /api/users/5 - status: 500 - time: 336ms
[INFO] 2025-06-05 06:31:52 - PUT /api/products/12 - status: 200 - time: 236ms
[ERROR] 2025-06-05 06:31:54 - PUT /api/users/5 - status: 500 - time: 61ms
[INFO] 2025-06-05 06:31:56 - PUT /api/products/12 - status: 200 - time: 305ms
[ERROR] 2025-06-05 06:31:58 - PUT /api/users/5 - status: 500 - time: 234ms
[ERROR] 2025-06-05 06:32:00 - PUT /api/users/5 - status: 500 - time: 9ms
[INFO] 2025-06-05 06:32:02 - PUT /api/products/12 - status: 200 - time: 88ms
[WARN] 2025-06-05 06:32:04 - GET /api/users - status: 404 - time: 2ms
[INFO] 2025-06-05 06:32:06 - DELETE /api/products/12 - status: 204 - time: 189ms
[INFO] 2025-06-05 06:32:08 - GET /api/dashboard - status: 200 - time: 222ms
[INFO] 2025-06-05 06:32:10 - GET /api/dashboard - status: 200 - time: 242ms
[INFO] 2025-06-05 06:32:12 - POST /api/orders - status: 201 - time: 250ms
[ERROR] 2025-06-05 06:32:14 - PUT /api/users/5 - status: 500 - time: 172ms
[ERROR] 2025-06-05 06:32:16 - GET /api/checkout - status: 500 - time: 205ms
[INFO] 2025-06-05 06:32:18 - DELETE /api/products/12 - status: 204 - time: 207ms
[INFO] 2025-06-05 06:32:20 - GET /api/metrics - status: 200 - time: 105ms
[INFO] 2025-06-05 06:32:22 - GET /api/metrics - status: 200 - time: 197ms
[WARN] 2025-06-05 06:32:24 - GET /api/users - status: 404 - time: 316ms
[ERROR] 2025-06-05 06:32:26 - GET /api/checkout - status: 500 - time: 36ms
[WARN] 2025-06-05 06:32:28 - POST /api/orders - status: 400 - time: 97ms
[INFO] 2025-06-05 06:32:30 - POST /api/orders - status: 201 - time: 189ms
[WARN] 2025-06-05 06:32:32 - GET /api/users - status: 404 - time: 160ms
[INFO] 2025-06-05 06:32:34 - DELETE /api/products/12 - status: 204 - time: 93ms
[ERROR] 2025-06-05 06:32:36 - GET /api/checkout - status: 500 - time: 228ms
[INFO] 2025-06-05 06:32:38 - GET /api/products - status: 200 - time: 231ms
[ERROR] 2025-06-05 06:32:40 - PUT /api/users/5 - status: 500 - time: 277ms
[INFO] 2025-06-05 06:32:42 - GET /api/metrics - status: 200 - time: 163ms
[WARN] 2025-06-05 06:32:44 - GET /api/users - status: 404 - time: 367ms
[WARN] 2025-06-05 06:32:46 - POST /api/orders - status: 400 - time: 174ms
[INFO] 2025-06-05 06:32:48 - DELETE /api/products/12 - status: 204 - time: 112ms
[WARN] 2025-06-05 06:32:50 - GET /api/users - status: 404 - time: 308ms
[ERROR] 2025-06-05 06:32:52 - PUT /api/users/5 - status: 500 - time: 300ms
[WARN] 2025-06-05 06:32:54 - POST /api/orders - status: 400 - time: 295ms
[ERROR] 2025-06-05 06:32:56 - PUT /api/users/5 - status: 500 - time: 349ms
[ERROR] 2025-06-05 06:32:58 - GET /api/checkout - status: 500 - time: 164ms
[INFO] 2025-06-05 06:33:00 - POST /api/orders - status: 201 - time: 315ms
[INFO] 2025-06-05 06:33:02 - DELETE /api/products/12 - status: 204 - time: 360ms
[INFO] 2025-06-05 06:33:04 - GET /api/products - status: 200 - time: 385ms
[INFO] 2025-06-05 06:33:06 - GET /api/metrics - status: 200 - time: 236ms
[INFO] 2025-06-05 06:33:08 - POST /api/orders - status: 201 - time: 303ms
[INFO] 2025-06-05 06:33:10 - GET /api/products - status: 200 - time: 222ms
[INFO] 2025-06-05 06:33:12 - GET /api/dashboard - status: 200 - time: 363ms
[ERROR] 2025-06-05 06:33:14 - GET /api/checkout - status: 500 - time: 109ms
[ERROR] 2025-06-05 06:33:16 - PUT /api/users/5 - status: 500 - time: 244ms
[INFO] 2025-06-05 06:33:18 - PUT /api/products/12 - status: 200 - time: 138ms
[ERROR] 2025-06-05 06:33:20 - GET /api/checkout - status: 500 - time: 374ms
[ERROR] 2025-06-05 06:33:22 - PUT /api/users/5 - status: 500 - time: 59ms
[INFO] 2025-06-05 06:33:24 - GET /api/metrics - status: 200 - time: 398ms
[INFO] 2025-06-05 06:33:26 - DELETE /api/products/12 - status: 204 - time: 120ms
[WARN] 2025-06-05 06:33:28 - POST /api/orders - status: 400 - time: 262ms
[WARN] 2025-06-05 06:33:30 - GET /api/users - status: 404 - time: 271ms
[ERROR] 2025-06-05 06:33:32 - PUT /api/users/5 - status: 500 - time: 239ms
[INFO] 2025-06-05 06:33:34 - GET /api/products - status: 200 - time: 277ms
[INFO] 2025-06-05 06:33:36 - DELETE /api/products/12 - status: 204 - time: 200ms
[WARN] 2025-06-05 06:33:38 - POST /api/orders - status: 400 - time: 103ms
[INFO] 2025-06-05 06:33:40 - PUT /api/products/12 - status: 200 - time: 243ms
[INFO] 2025-06-05 06:33:42 - POST /api/orders - status: 201 - time: 134ms
[ERROR] 2025-06-05 06:33:44 - GET /api/checkout - status: 500 - time: 365ms
[WARN] 2025-06-05 06:33:46 - GET /api/users - status: 404 - time: 395ms
[WARN] 2025-06-05 06:33:48 - POST /api/orders - status: 400 - time: 172ms
[WARN] 2025-06-05 06:33:50 - POST /api/orders - status: 400 - time: 149ms
[INFO] 2025-06-05 06:33:52 - GET /api/metrics - status: 200 - time: 331ms
[INFO] 2025-06-05 06:33:54 - GET /api/products - status: 200 - time: 10ms
[ERROR] 2025-06-05 06:33:56 - GET /api/checkout - status: 500 - time: 166ms
[WARN] 2025-06-05 06:33:58 - GET /api/users - status: 404 - time: 88ms
[ERROR] 2025-06-05 06:34:00 - GET /api/checkout - status: 500 - time: 190ms
[INFO] 2025-06-05 06:34:02 - POST /api/orders - status: 201 - time: 9ms
[ERROR] 2025-06-05 06:34:04 - GET /api/checkout - status: 500 - time: 235ms
[INFO] 2025-06-05 06:34:06 - DELETE /api/products/12 - status: 204 - time: 298ms
[INFO] 2025-06-05 06:34:08 - GET /api/dashboard - status: 200 - time: 14ms
[INFO] 2025-06-05 06:34:10 - DELETE /api/products/12 - status: 204 - time: 133ms
[INFO] 2025-06-05 06:34:12 - GET /api/dashboard - status: 200 - time: 77ms
[INFO] 2025-06-05 06:34:14 - GET /api/metrics - status: 200 - time: 337ms
[WARN] 2025-06-05 06:34:16 - POST /api/orders - status: 400 - time: 390ms
[INFO] 2025-06-05 06:34:18 - GET /api/metrics - status: 200 - time: 362ms
[INFO] 2025-06-05 06:34:20 - PUT /api/products/12 - status: 200 - time: 190ms
[INFO] 2025-06-05 06:34:22 - POST /api/orders - status: 201 - time: 268ms
[ERROR] 2025-06-05 06:34:24 - GET /api/checkout - status: 500 - time: 232ms
[ERROR] 2025-06-05 06:34:26 - GET /api/checkout - status: 500 - time: 328ms
[INFO] 2025-06-05 06:34:28 - PUT /api/products/12 - status: 200 - time: 383ms
